// Vitest Snapshot v1

exports[`selectDefFrom4byteAbi > select correct result 1`] = `
{
  "data": [
    248,
    61,
    152,
    115,
    119,
    97,
    112,
    69,
    120,
    97,
    99,
    116,
    84,
    111,
    107,
    101,
    110,
    115,
    70,
    111,
    114,
    84,
    111,
    107,
    101,
    110,
    115,
    198,
    130,
    35,
    49,
    3,
    32,
    192,
    198,
    130,
    35,
    50,
    3,
    32,
    192,
    199,
    130,
    35,
    51,
    1,
    128,
    193,
    128,
    198,
    130,
    35,
    52,
    1,
    128,
    192,
    198,
    130,
    35,
    53,
    3,
    32,
    192,
  ],
  "type": "Buffer",
}
`;
